FAIL __tests__/api.test.js
  ÔùÅ Test suite failed to run

    src/routes/authRoutes.ts:2:10 - error TS2305: Module '"express-validator"' has no exported member 'body'.

    2 import { body } from 'express-validator';
               ~~~~
    src/routes/authRoutes.ts:2:22 - error TS2497: This module can only be referenced with ECMAScript imports/exports by turning on the 'esModuleInterop' flag and referencing its default export.

    2 import { body } from 'express-validator';
                           ~~~~~~~~~~~~~~~~~~~

Failed to collect coverage from C:\GIT\Biasbuster\Biasbuster\src\controllers\analysisController.ts
ERROR: src/controllers/analysisController.ts:3:10 - error TS2305: Module '"express-validator"' has no exported member 'validationResult'.

3 import { validationResult } from 'express-validator';
           ~~~~~~~~~~~~~~~~
src/controllers/analysisController.ts:3:34 - error TS2497: This module can only be referenced with ECMAScript imports/exports by turning on the 'esModuleInterop' flag and referencing its default export.

3 import { validationResult } from 'express-validator';
                                   ~~~~~~~~~~~~~~~~~~~
src/controllers/analysisController.ts:122:13 - error TS2322: Type 'Response<any, Record<string, any>>' is not assignable to type 'void'.

122             return res.status(400).json({ errors: errors.array() });
                ~~~~~~
src/controllers/analysisController.ts:162:13 - error TS2322: Type 'Response<any, Record<string, any>>' is not assignable to type 'void'.

162             return res.status(400).json({ errors: errors.array() });
                ~~~~~~
STACK: 
Failed to collect coverage from C:\GIT\Biasbuster\Biasbuster\src\controllers\feedbackController.ts
ERROR: src/controllers/feedbackController.ts:2:1 - error TS6133: 'validationResult' is declared but its value is never read.

2 import { validationResult } from 'express-validator';
  ~~~~~~~~~~~~~~~~~~~~~~~~~~~~~~~~~~~~~~~~~~~~~~~~~~~~~
src/controllers/feedbackController.ts:2:10 - error TS2305: Module '"express-validator"' has no exported member 'validationResult'.

2 import { validationResult } from 'express-validator';
           ~~~~~~~~~~~~~~~~
src/controllers/feedbackController.ts:2:34 - error TS2497: This module can only be referenced with ECMAScript imports/exports by turning on the 'esModuleInterop' flag and referencing its default export.

2 import { validationResult } from 'express-validator';
                                   ~~~~~~~~~~~~~~~~~~~
STACK: 
Failed to collect coverage from C:\GIT\Biasbuster\Biasbuster\src\controllers\authController.ts
ERROR: src/controllers/authController.ts:3:10 - error TS2305: Module '"express-validator"' has no exported member 'validationResult'.

3 import { validationResult } from 'express-validator';
           ~~~~~~~~~~~~~~~~
src/controllers/authController.ts:3:34 - error TS2497: This module can only be referenced with ECMAScript imports/exports by turning on the 'esModuleInterop' flag and referencing its default export.

3 import { validationResult } from 'express-validator';
                                   ~~~~~~~~~~~~~~~~~~~
src/controllers/authController.ts:20:13 - error TS2322: Type 'Response<any, Record<string, any>>' is not assignable to type 'void'.

20             return res.status(400).json({ errors: errors.array() });
               ~~~~~~
src/controllers/authController.ts:61:13 - error TS2322: Type 'Response<any, Record<string, any>>' is not assignable to type 'void'.

61             return res.status(400).json({ errors: errors.array() });
               ~~~~~~
STACK: 
Failed to collect coverage from C:\GIT\Biasbuster\Biasbuster\src\routes\authRoutes.ts
ERROR: src/routes/authRoutes.ts:2:10 - error TS2305: Module '"express-validator"' has no exported member 'body'.

2 import { body } from 'express-validator';
           ~~~~
src/routes/authRoutes.ts:2:22 - error TS2497: This module can only be referenced with ECMAScript imports/exports by turning on the 'esModuleInterop' flag and referencing its default export.

2 import { body } from 'express-validator';
                       ~~~~~~~~~~~~~~~~~~~
STACK: 
Failed to collect coverage from C:\GIT\Biasbuster\Biasbuster\src\routes\analysisRoutes.ts
ERROR: src/routes/analysisRoutes.ts:2:10 - error TS2305: Module '"express-validator"' has no exported member 'body'.

2 import { body } from 'express-validator';
           ~~~~
src/routes/analysisRoutes.ts:2:22 - error TS2497: This module can only be referenced with ECMAScript imports/exports by turning on the 'esModuleInterop' flag and referencing its default export.

2 import { body } from 'express-validator';
                       ~~~~~~~~~~~~~~~~~~~
src/routes/analysisRoutes.ts:40:18 - error TS7006: Parameter 'texts' implicitly has an 'any' type.

40         .custom((texts) => texts.every(text => typeof text === 'string' && text.trim().length > 0 && text.trim().length <= 15000))
                    ~~~~~
src/routes/analysisRoutes.ts:40:40 - error TS7006: Parameter 'text' implicitly has an 'any' type.

40         .custom((texts) => texts.every(text => typeof text === 'string' && text.trim().length > 0 && text.trim().length <= 15000))
                                          ~~~~
STACK: 
Failed to collect coverage from C:\GIT\Biasbuster\Biasbuster\src\routes\feedbackRoutes.ts
ERROR: src/routes/feedbackRoutes.ts:2:10 - error TS2305: Module '"express-validator"' has no exported member 'body'.

2 import { body, validationResult } from 'express-validator';
           ~~~~
src/routes/feedbackRoutes.ts:2:16 - error TS2305: Module '"express-validator"' has no exported member 'validationResult'.

2 import { body, validationResult } from 'express-validator';
                 ~~~~~~~~~~~~~~~~
src/routes/feedbackRoutes.ts:2:40 - error TS2497: This module can only be referenced with ECMAScript imports/exports by turning on the 'esModuleInterop' flag and referencing its default export.

2 import { body, validationResult } from 'express-validator';
                                         ~~~~~~~~~~~~~~~~~~~
src/routes/feedbackRoutes.ts:9:32 - error TS7030: Not all code paths return a value.

9 const handleValidationErrors = (req: express.Request, res: express.Response, next: express.NextFunction) => {
                                 ~~~~~~~~~~~~~~~~~~~~~~~~~~~~~~~~~~~~~~~~~~~~~~~~~~~~~~~~~~~~~~~~~~~~~~~~~~~~~~
STACK: 
Failed to collect coverage from C:\GIT\Biasbuster\Biasbuster\src\routes\perspectivesRoutes.ts
ERROR: src/routes/perspectivesRoutes.ts:3:10 - error TS2305: Module '"express-validator"' has no exported member 'body'.

3 import { body, param, validationResult } from 'express-validator'; // Import param and validationResult
           ~~~~
src/routes/perspectivesRoutes.ts:3:16 - error TS2305: Module '"express-validator"' has no exported member 'param'.

3 import { body, param, validationResult } from 'express-validator'; // Import param and validationResult
                 ~~~~~
src/routes/perspectivesRoutes.ts:3:23 - error TS2305: Module '"express-validator"' has no exported member 'validationResult'.

3 import { body, param, validationResult } from 'express-validator'; // Import param and validationResult
                        ~~~~~~~~~~~~~~~~
src/routes/perspectivesRoutes.ts:3:47 - error TS2497: This module can only be referenced with ECMAScript imports/exports by turning on the 'esModuleInterop' flag and referencing its default export.

3 import { body, param, validationResult } from 'express-validator'; // Import param and validationResult
                                                ~~~~~~~~~~~~~~~~~~~
src/routes/perspectivesRoutes.ts:8:32 - error TS7030: Not all code paths return a value.

8 const handleValidationErrors = (req: express.Request, res: express.Response, next: express.NextFunction) => {
                                 ~~~~~~~~~~~~~~~~~~~~~~~~~~~~~~~~~~~~~~~~~~~~~~~~~~~~~~~~~~~~~~~~~~~~~~~~~~~~~~
src/routes/perspectivesRoutes.ts:20:20 - error TS6133: 'value' is declared but its value is never read.

20     body().custom((value: any, { req }: { req: express.Request }) => { // Added types for value and req
                      ~~~~~
STACK: 
----------------------------|---------|----------|---------|---------|-------------------
File                        | % Stmts | % Branch | % Funcs | % Lines | Uncovered Line #s 
----------------------------|---------|----------|---------|---------|-------------------
All files                   |       0 |        0 |       0 |       0 |                   
 src                        |       0 |      100 |       0 |       0 |                   
  index.ts                  |       0 |      100 |       0 |       0 | 1-60              
 src/config                 |       0 |        0 |       0 |       0 |                   
  database.ts               |       0 |        0 |       0 |       0 | 1-38              
 src/controllers            |       0 |        0 |       0 |       0 |                   
  perspectivesController.ts |       0 |        0 |       0 |       0 | 2-46              
 src/mcp                    |       0 |        0 |       0 |       0 |                   
  index.ts                  |       0 |        0 |       0 |       0 | 1-57              
  mcpServer.ts              |       0 |        0 |       0 |       0 | 1-127             
  tools.ts                  |       0 |        0 |       0 |       0 | 4-132             
 src/middlewares            |       0 |        0 |       0 |       0 |                   
  authMiddleware.ts         |       0 |        0 |       0 |       0 | 2-68              
 src/models                 |       0 |        0 |       0 |       0 |                   
  Analysis.ts               |       0 |      100 |       0 |       0 | 1-72              
  User.ts                   |       0 |        0 |       0 |       0 | 1-75              
 src/services               |       0 |        0 |       0 |       0 |                   
  aiService.ts              |       0 |        0 |       0 |       0 | 1-654             
  biasAnalysisService.ts    |       0 |        0 |       0 |       0 | 5-472             
  perspectivesService.ts    |       0 |      100 |       0 |       0 | 10-50             
 src/tools                  |       0 |      100 |       0 |       0 |                   
  analyzeBias.ts            |       0 |      100 |       0 |       0 | 3-5               
----------------------------|---------|----------|---------|---------|-------------------
Test Suites: 1 failed, 1 total
Tests:       0 total
Snapshots:   0 total
Time:        363.315 s
Ran all test suites matching /__tests__\\api.test.js/i.
